// Jest Snapshot v1, https://goo.gl/fbAQLP

exports[`Component: FilterInput FilterSwitch renders with default props 1`] = `ShallowWrapper {}`;

exports[`Component: FilterSwitch FilterSwitch renders with default props 1`] = `ShallowWrapper {}`;
