// Jest Snapshot v1, https://goo.gl/fbAQLP

exports[`Component: FilterInput FilterInput renders with default props 1`] = `ShallowWrapper {}`;
