// Jest Snapshot v1, https://goo.gl/fbAQLP

exports[`Component: NavBarQueryTab renders correctly 1`] = `
<div
  className="pr-1 pt-1 pb-1"
>
  <button
    aria-label={null}
    className="btn-sm btn-light btn-outline-secondary shadow-none btn btn-secondary"
    onClick={[Function]}
    style={
      Object {
        "borderBottomRightRadius": "0px",
        "borderTopRightRadius": "0px",
      }
    }
    type="button"
  >
    <a
      className="p-0 d-inline nav-link"
      onClick={[Function]}
    />
  </button>
</div>
`;
