// Jest Snapshot v1, https://goo.gl/fbAQLP

exports[`Component: NavBarMenu renders correctly 1`] = `
<div
  className="pl-2 align-self-start m-0 pt-1 pb-2 bg-light"
>
  <div
    className="form-row"
  >
    <div
      className="col-auto"
    >
      <div
        className="pb-2 input-group input-group-sm"
      >
        <input
          className="text-dark w-auto form-control"
          id="newQueryAlias"
          name="queryName"
          onChange={[Function]}
          placeholder="Query name"
          style={
            Object {
              "flexBasis": "auto",
            }
          }
          type="text"
          value=""
        />
        <div
          className="input-group-append"
        >
          <button
            aria-label={null}
            className="btn btn-danger"
            id="newQueryAlias"
            name="queryName"
            onClick={[Function]}
            type="button"
          />
        </div>
      </div>
    </div>
  </div>
  <div
    className="col-12 pl-0 text-info pt-6"
  >
    <button
      aria-label={null}
      className="btn btn-outline-info btn-sm"
      id="newQuery"
      onClick={[Function]}
      type="button"
    />
     Add statement
  </div>
  <div
    className="col-auto pl-0 pt-3"
  >
    <div
      className="form-row"
      inline={true}
    >
      <label
        className=""
        htmlFor="changeQueryType"
      >
        Statement type:
      </label>
      <div
        className="col-md-1"
      >
        <select
          className="form-control-sm form-control"
          id="changeQueryType"
          onChange={[Function]}
        >
          <option
            value="SELECT"
          >
            SELECT
          </option>
          <option
            value="DELETE"
          >
            DELETE
          </option>
          <option
            value="INSERT"
          >
            INSERT
          </option>
          <option
            value="UPDATE"
          >
            UPDATE
          </option>
        </select>
      </div>
    </div>
  </div>
</div>
`;
