// Jest Snapshot v1, https://goo.gl/fbAQLP

exports[`Component: SetInput SetInput renders with default props 1`] = `ShallowWrapper {}`;
