// Jest Snapshot v1, https://goo.gl/fbAQLP

exports[`Component: UpdateSwitch UpdateSwitch renders with default props 1`] = `ShallowWrapper {}`;
