// Jest Snapshot v1, https://goo.gl/fbAQLP

exports[`Component: ValueInput ValueInput renders with default props 1`] = `ShallowWrapper {}`;
